[0.009s] Invoking command in '/home/ashy/baja_ws/build/vehicle': /usr/bin/cmake --build /home/ashy/baja_ws/build/vehicle -- -j16 -l16
[0.033s] -- Found ament_cmake: 1.3.10 (/opt/ros/humble/share/ament_cmake/cmake)
[0.114s] -- Found rclpy: 3.3.14 (/opt/ros/humble/share/rclpy/cmake)
[0.114s] -- Found rclcpp: 16.0.10 (/opt/ros/humble/share/rclcpp/cmake)
[0.133s] -- Found rosidl_generator_c: 3.1.5 (/opt/ros/humble/share/rosidl_generator_c/cmake)
[0.134s] -- Found rosidl_adapter: 3.1.5 (/opt/ros/humble/share/rosidl_adapter/cmake)
[0.137s] -- Found rosidl_generator_cpp: 3.1.5 (/opt/ros/humble/share/rosidl_generator_cpp/cmake)
[0.143s] -- Using all available rosidl_typesupport_c: rosidl_typesupport_fastrtps_c;rosidl_typesupport_introspection_c
[0.150s] -- Using all available rosidl_typesupport_cpp: rosidl_typesupport_fastrtps_cpp;rosidl_typesupport_introspection_cpp
[0.170s] -- Found rmw_implementation_cmake: 6.1.2 (/opt/ros/humble/share/rmw_implementation_cmake/cmake)
[0.171s] -- Found rmw_fastrtps_cpp: 6.2.7 (/opt/ros/humble/share/rmw_fastrtps_cpp/cmake)
[0.249s] -- Using RMW implementation 'rmw_fastrtps_cpp' as default
[0.279s] -- Found ament_lint_auto: 0.12.11 (/opt/ros/humble/share/ament_lint_auto/cmake)
[0.312s] Error parsing '/home/ashy/baja_ws/src/vehicle/package.xml':
[0.341s] Traceback (most recent call last):
[0.341s]   File "/usr/lib/python3/dist-packages/catkin_pkg/package.py", line 610, in parse_package_string
[0.341s]     root = dom.parseString(data)
[0.341s]   File "/usr/lib/python3.10/xml/dom/minidom.py", line 2000, in parseString
[0.343s]     return expatbuilder.parseString(string)
[0.344s]   File "/usr/lib/python3.10/xml/dom/expatbuilder.py", line 925, in parseString
[0.344s]     return builder.parseString(string)
[0.344s]   File "/usr/lib/python3.10/xml/dom/expatbuilder.py", line 223, in parseString
[0.344s]     parser.Parse(string, True)
[0.344s] xml.parsers.expat.ExpatError: not well-formed (invalid token): line 33, column 17
[0.344s] 
[0.344s] During handling of the above exception, another exception occurred:
[0.344s] 
[0.344s] Traceback (most recent call last):
[0.344s]   File "/opt/ros/humble/share/ament_cmake_core/cmake/core/package_xml_2_cmake.py", line 150, in <module>
[0.344s]     main()
[0.344s]   File "/opt/ros/humble/share/ament_cmake_core/cmake/core/package_xml_2_cmake.py", line 53, in main
[0.344s]     raise e
[0.344s]   File "/opt/ros/humble/share/ament_cmake_core/cmake/core/package_xml_2_cmake.py", line 49, in main
[0.344s]     package = parse_package_string(
[0.344s]   File "/usr/lib/python3/dist-packages/catkin_pkg/package.py", line 612, in parse_package_string
[0.344s]     raise InvalidPackage('The manifest contains invalid XML:\n%s' % ex, filename)
[0.344s] catkin_pkg.package.InvalidPackage: Error(s) in package '/home/ashy/baja_ws/src/vehicle/package.xml':
[0.344s] The manifest contains invalid XML:
[0.344s] not well-formed (invalid token): line 33, column 17
[0.356s] [31mCMake Error at /opt/ros/humble/share/ament_cmake_core/cmake/core/ament_package_xml.cmake:95 (message):
[0.356s]   execute_process(/usr/bin/python3
[0.357s]   /opt/ros/humble/share/ament_cmake_core/cmake/core/package_xml_2_cmake.py
[0.357s]   /home/ashy/baja_ws/src/vehicle/package.xml
[0.357s]   /home/ashy/baja_ws/build/vehicle/ament_cmake_core/package.cmake) returned
[0.357s]   error code 1
[0.357s] Call Stack (most recent call first):
[0.357s]   /opt/ros/humble/share/ament_cmake_core/cmake/core/ament_package_xml.cmake:49 (_ament_package_xml)
[0.357s]   /opt/ros/humble/share/ament_cmake_core/cmake/core/ament_package.cmake:63 (ament_package_xml)
[0.357s]   CMakeLists.txt:52 (ament_package)
[0.357s] 
[0.357s] [0m
[0.357s] -- Configuring incomplete, errors occurred!
[0.357s] See also "/home/ashy/baja_ws/build/vehicle/CMakeFiles/CMakeOutput.log".
[0.367s] gmake: *** [Makefile:226: cmake_check_build_system] Error 1
[0.370s] Invoked command in '/home/ashy/baja_ws/build/vehicle' returned '2': /usr/bin/cmake --build /home/ashy/baja_ws/build/vehicle -- -j16 -l16
