[0.000000] (-) TimerEvent: {}
[0.000265] (vehicle) JobQueued: {'identifier': 'vehicle', 'dependencies': OrderedDict()}
[0.000316] (vehicle) JobStarted: {'identifier': 'vehicle'}
[0.006785] (vehicle) JobProgress: {'identifier': 'vehicle', 'progress': 'cmake'}
[0.007717] (vehicle) JobProgress: {'identifier': 'vehicle', 'progress': 'build'}
[0.007776] (vehicle) Command: {'cmd': ['/usr/bin/cmake', '--build', '/home/ashy/baja_ws/build/vehicle', '--', '-j16', '-l16'], 'cwd': '/home/ashy/baja_ws/build/vehicle', 'env': OrderedDict([('LESSOPEN', '| /usr/bin/lesspipe %s'), ('LANGUAGE', 'en_IN:en'), ('USER', 'ashy'), ('XDG_SESSION_TYPE', 'x11'), ('SHLVL', '1'), ('LD_LIBRARY_PATH', '/usr/lib/x86_64-linux-gnu/gazebo-11/plugins:/opt/ros/humble/opt/rviz_ogre_vendor/lib:/opt/ros/humble/lib/x86_64-linux-gnu:/opt/ros/humble/lib'), ('HOME', '/home/ashy'), ('OLDPWD', '/home/ashy'), ('DESKTOP_SESSION', 'ubuntu'), ('ROS_PYTHON_VERSION', '3'), ('GNOME_SHELL_SESSION_MODE', 'ubuntu'), ('GTK_MODULES', 'gail:atk-bridge'), ('SYSTEMD_EXEC_PID', '1892'), ('DBUS_SESSION_BUS_ADDRESS', 'unix:path=/run/user/1000/bus'), ('COLORTERM', 'truecolor'), ('COLCON_PREFIX_PATH', '/home/ashy/baja_ws/install:/home/ashy/valkyr_ws/install'), ('ROS_DISTRO', 'humble'), ('GTK_IM_MODULE', 'ibus'), ('LOGNAME', 'ashy'), ('_', '/usr/bin/colcon'), ('ROS_VERSION', '2'), ('XDG_SESSION_CLASS', 'user'), ('USERNAME', 'ashy'), ('TERM', 'xterm-256color'), ('GNOME_DESKTOP_SESSION_ID', 'this-is-deprecated'), ('ROS_LOCALHOST_ONLY', '0'), ('WINDOWPATH', '2'), ('PATH', '/opt/ros/humble/bin:/usr/local/sbin:/usr/local/bin:/usr/sbin:/usr/bin:/sbin:/bin:/usr/games:/usr/local/games:/snap/bin:/snap/bin'), ('SESSION_MANAGER', 'local/ashy-OMEN:@/tmp/.ICE-unix/1865,unix/ashy-OMEN:/tmp/.ICE-unix/1865'), ('XDG_MENU_PREFIX', 'gnome-'), ('GNOME_TERMINAL_SCREEN', '/org/gnome/Terminal/screen/c138bb57_1099_40d9_9685_5153e1e61701'), ('XDG_RUNTIME_DIR', '/run/user/1000'), ('DISPLAY', ':1'), ('LANG', 'en_IN'), ('XDG_CURRENT_DESKTOP', 'ubuntu:GNOME'), ('XMODIFIERS', '@im=ibus'), ('XDG_SESSION_DESKTOP', 'ubuntu'), ('XAUTHORITY', '/run/user/1000/gdm/Xauthority'), ('LS_COLORS', 'rs=0:di=01;34:ln=01;36:mh=00:pi=40;33:so=01;35:do=01;35:bd=40;33;01:cd=40;33;01:or=40;31;01:mi=00:su=37;41:sg=30;43:ca=30;41:tw=30;42:ow=34;42:st=37;44:ex=01;32:*.tar=01;31:*.tgz=01;31:*.arc=01;31:*.arj=01;31:*.taz=01;31:*.lha=01;31:*.lz4=01;31:*.lzh=01;31:*.lzma=01;31:*.tlz=01;31:*.txz=01;31:*.tzo=01;31:*.t7z=01;31:*.zip=01;31:*.z=01;31:*.dz=01;31:*.gz=01;31:*.lrz=01;31:*.lz=01;31:*.lzo=01;31:*.xz=01;31:*.zst=01;31:*.tzst=01;31:*.bz2=01;31:*.bz=01;31:*.tbz=01;31:*.tbz2=01;31:*.tz=01;31:*.deb=01;31:*.rpm=01;31:*.jar=01;31:*.war=01;31:*.ear=01;31:*.sar=01;31:*.rar=01;31:*.alz=01;31:*.ace=01;31:*.zoo=01;31:*.cpio=01;31:*.7z=01;31:*.rz=01;31:*.cab=01;31:*.wim=01;31:*.swm=01;31:*.dwm=01;31:*.esd=01;31:*.jpg=01;35:*.jpeg=01;35:*.mjpg=01;35:*.mjpeg=01;35:*.gif=01;35:*.bmp=01;35:*.pbm=01;35:*.pgm=01;35:*.ppm=01;35:*.tga=01;35:*.xbm=01;35:*.xpm=01;35:*.tif=01;35:*.tiff=01;35:*.png=01;35:*.svg=01;35:*.svgz=01;35:*.mng=01;35:*.pcx=01;35:*.mov=01;35:*.mpg=01;35:*.mpeg=01;35:*.m2v=01;35:*.mkv=01;35:*.webm=01;35:*.webp=01;35:*.ogm=01;35:*.mp4=01;35:*.m4v=01;35:*.mp4v=01;35:*.vob=01;35:*.qt=01;35:*.nuv=01;35:*.wmv=01;35:*.asf=01;35:*.rm=01;35:*.rmvb=01;35:*.flc=01;35:*.avi=01;35:*.fli=01;35:*.flv=01;35:*.gl=01;35:*.dl=01;35:*.xcf=01;35:*.xwd=01;35:*.yuv=01;35:*.cgm=01;35:*.emf=01;35:*.ogv=01;35:*.ogx=01;35:*.aac=00;36:*.au=00;36:*.flac=00;36:*.m4a=00;36:*.mid=00;36:*.midi=00;36:*.mka=00;36:*.mp3=00;36:*.mpc=00;36:*.ogg=00;36:*.ra=00;36:*.wav=00;36:*.oga=00;36:*.opus=00;36:*.spx=00;36:*.xspf=00;36:'), ('GNOME_TERMINAL_SERVICE', ':1.180'), ('SSH_AGENT_LAUNCHER', 'gnome-keyring'), ('SSH_AUTH_SOCK', '/run/user/1000/keyring/ssh'), ('AMENT_PREFIX_PATH', '/home/ashy/valkyr_ws/install/teleop_twist_keyboard:/home/ashy/valkyr_ws/install/teleop_controller:/home/ashy/valkyr_ws/install/servo_driver:/home/ashy/valkyr_ws/install/left_leg_demo_new:/home/ashy/valkyr_ws/install/imu:/home/ashy/valkyr_ws/install/clifford_sim_1:/home/ashy/baja_ws/install/vehicle:/opt/ros/humble'), ('SHELL', '/bin/bash'), ('QT_ACCESSIBILITY', '1'), ('GDMSESSION', 'ubuntu'), ('LESSCLOSE', '/usr/bin/lesspipe %s %s'), ('GPG_AGENT_INFO', '/run/user/1000/gnupg/S.gpg-agent:0:1'), ('QT_IM_MODULE', 'ibus'), ('PWD', '/home/ashy/baja_ws/build/vehicle'), ('XDG_CONFIG_DIRS', '/etc/xdg/xdg-ubuntu:/etc/xdg'), ('XDG_DATA_DIRS', '/usr/share/ubuntu:/usr/share/gnome:/usr/local/share/:/usr/share/:/var/lib/snapd/desktop'), ('PYTHONPATH', '/home/ashy/valkyr_ws/install/teleop_twist_keyboard/lib/python3.10/site-packages:/opt/ros/humble/lib/python3.10/site-packages:/opt/ros/humble/local/lib/python3.10/dist-packages'), ('COLCON', '1'), ('VTE_VERSION', '6800'), ('CMAKE_PREFIX_PATH', '/home/ashy/valkyr_ws/install/teleop_controller:/home/ashy/valkyr_ws/install/servo_driver:/home/ashy/valkyr_ws/install/left_leg_demo_new:/home/ashy/valkyr_ws/install/imu:/home/ashy/valkyr_ws/install/clifford_sim_1:/home/ashy/baja_ws/install/vehicle')]), 'shell': False}
[0.033040] (vehicle) StdoutLine: {'line': b'-- Found ament_cmake: 1.3.10 (/opt/ros/humble/share/ament_cmake/cmake)\n'}
[0.099458] (-) TimerEvent: {}
[0.113348] (vehicle) StdoutLine: {'line': b'-- Found rclpy: 3.3.14 (/opt/ros/humble/share/rclpy/cmake)\n'}
[0.114024] (vehicle) StdoutLine: {'line': b'-- Found rclcpp: 16.0.10 (/opt/ros/humble/share/rclcpp/cmake)\n'}
[0.132830] (vehicle) StdoutLine: {'line': b'-- Found rosidl_generator_c: 3.1.5 (/opt/ros/humble/share/rosidl_generator_c/cmake)\n'}
[0.134279] (vehicle) StdoutLine: {'line': b'-- Found rosidl_adapter: 3.1.5 (/opt/ros/humble/share/rosidl_adapter/cmake)\n'}
[0.137686] (vehicle) StdoutLine: {'line': b'-- Found rosidl_generator_cpp: 3.1.5 (/opt/ros/humble/share/rosidl_generator_cpp/cmake)\n'}
[0.143262] (vehicle) StdoutLine: {'line': b'-- Using all available rosidl_typesupport_c: rosidl_typesupport_fastrtps_c;rosidl_typesupport_introspection_c\n'}
[0.150407] (vehicle) StdoutLine: {'line': b'-- Using all available rosidl_typesupport_cpp: rosidl_typesupport_fastrtps_cpp;rosidl_typesupport_introspection_cpp\n'}
[0.169923] (vehicle) StdoutLine: {'line': b'-- Found rmw_implementation_cmake: 6.1.2 (/opt/ros/humble/share/rmw_implementation_cmake/cmake)\n'}
[0.170832] (vehicle) StdoutLine: {'line': b'-- Found rmw_fastrtps_cpp: 6.2.7 (/opt/ros/humble/share/rmw_fastrtps_cpp/cmake)\n'}
[0.199563] (-) TimerEvent: {}
[0.248876] (vehicle) StdoutLine: {'line': b"-- Using RMW implementation 'rmw_fastrtps_cpp' as default\n"}
[0.279095] (vehicle) StdoutLine: {'line': b'-- Found ament_lint_auto: 0.12.11 (/opt/ros/humble/share/ament_lint_auto/cmake)\n'}
[0.299693] (-) TimerEvent: {}
[0.311962] (vehicle) StderrLine: {'line': b"Error parsing '/home/ashy/baja_ws/src/vehicle/package.xml':\n"}
[0.341292] (vehicle) StderrLine: {'line': b'Traceback (most recent call last):\n'}
[0.341555] (vehicle) StderrLine: {'line': b'  File "/usr/lib/python3/dist-packages/catkin_pkg/package.py", line 610, in parse_package_string\n'}
[0.341647] (vehicle) StderrLine: {'line': b'    root = dom.parseString(data)\n'}
[0.341721] (vehicle) StderrLine: {'line': b'  File "/usr/lib/python3.10/xml/dom/minidom.py", line 2000, in parseString\n'}
[0.343608] (vehicle) StderrLine: {'line': b'    return expatbuilder.parseString(string)\n'}
[0.343889] (vehicle) StderrLine: {'line': b'  File "/usr/lib/python3.10/xml/dom/expatbuilder.py", line 925, in parseString\n'}
[0.344061] (vehicle) StderrLine: {'line': b'    return builder.parseString(string)\n'}
[0.344288] (vehicle) StderrLine: {'line': b'  File "/usr/lib/python3.10/xml/dom/expatbuilder.py", line 223, in parseString\n'}
[0.344343] (vehicle) StderrLine: {'line': b'    parser.Parse(string, True)\n'}
[0.344377] (vehicle) StderrLine: {'line': b'xml.parsers.expat.ExpatError: not well-formed (invalid token): line 33, column 17\n'}
[0.344408] (vehicle) StderrLine: {'line': b'\n'}
[0.344437] (vehicle) StderrLine: {'line': b'During handling of the above exception, another exception occurred:\n'}
[0.344466] (vehicle) StderrLine: {'line': b'\n'}
[0.344491] (vehicle) StderrLine: {'line': b'Traceback (most recent call last):\n'}
[0.344517] (vehicle) StderrLine: {'line': b'  File "/opt/ros/humble/share/ament_cmake_core/cmake/core/package_xml_2_cmake.py", line 150, in <module>\n'}
[0.344555] (vehicle) StderrLine: {'line': b'    main()\n'}
[0.344580] (vehicle) StderrLine: {'line': b'  File "/opt/ros/humble/share/ament_cmake_core/cmake/core/package_xml_2_cmake.py", line 53, in main\n'}
[0.344605] (vehicle) StderrLine: {'line': b'    raise e\n'}
[0.344629] (vehicle) StderrLine: {'line': b'  File "/opt/ros/humble/share/ament_cmake_core/cmake/core/package_xml_2_cmake.py", line 49, in main\n'}
[0.344653] (vehicle) StderrLine: {'line': b'    package = parse_package_string(\n'}
[0.344676] (vehicle) StderrLine: {'line': b'  File "/usr/lib/python3/dist-packages/catkin_pkg/package.py", line 612, in parse_package_string\n'}
[0.344700] (vehicle) StderrLine: {'line': b"    raise InvalidPackage('The manifest contains invalid XML:\\n%s' % ex, filename)\n"}
[0.344724] (vehicle) StderrLine: {'line': b"catkin_pkg.package.InvalidPackage: Error(s) in package '/home/ashy/baja_ws/src/vehicle/package.xml':\n"}
[0.344748] (vehicle) StderrLine: {'line': b'The manifest contains invalid XML:\n'}
[0.344773] (vehicle) StderrLine: {'line': b'not well-formed (invalid token): line 33, column 17\n'}
[0.356455] (vehicle) StderrLine: {'line': b'\x1b[31mCMake Error at /opt/ros/humble/share/ament_cmake_core/cmake/core/ament_package_xml.cmake:95 (message):\n'}
[0.356676] (vehicle) StderrLine: {'line': b'  execute_process(/usr/bin/python3\n'}
[0.356776] (vehicle) StderrLine: {'line': b'  /opt/ros/humble/share/ament_cmake_core/cmake/core/package_xml_2_cmake.py\n'}
[0.356920] (vehicle) StderrLine: {'line': b'  /home/ashy/baja_ws/src/vehicle/package.xml\n'}
[0.356997] (vehicle) StderrLine: {'line': b'  /home/ashy/baja_ws/build/vehicle/ament_cmake_core/package.cmake) returned\n'}
[0.357067] (vehicle) StderrLine: {'line': b'  error code 1\n'}
[0.357150] (vehicle) StderrLine: {'line': b'Call Stack (most recent call first):\n'}
[0.357220] (vehicle) StderrLine: {'line': b'  /opt/ros/humble/share/ament_cmake_core/cmake/core/ament_package_xml.cmake:49 (_ament_package_xml)\n'}
[0.357284] (vehicle) StderrLine: {'line': b'  /opt/ros/humble/share/ament_cmake_core/cmake/core/ament_package.cmake:63 (ament_package_xml)\n'}
[0.357345] (vehicle) StderrLine: {'line': b'  CMakeLists.txt:52 (ament_package)\n'}
[0.357410] (vehicle) StderrLine: {'line': b'\n'}
[0.357481] (vehicle) StderrLine: {'line': b'\x1b[0m\n'}
[0.357506] (vehicle) StdoutLine: {'line': b'-- Configuring incomplete, errors occurred!\n'}
[0.357558] (vehicle) StdoutLine: {'line': b'See also "/home/ashy/baja_ws/build/vehicle/CMakeFiles/CMakeOutput.log".\n'}
[0.367151] (vehicle) StderrLine: {'line': b'gmake: *** [Makefile:226: cmake_check_build_system] Error 1\n'}
[0.370013] (vehicle) CommandEnded: {'returncode': 2}
[0.370314] (vehicle) JobEnded: {'identifier': 'vehicle', 'rc': 2}
[0.381049] (-) EventReactorShutdown: {}
